[2026-07-03 15:04:08] ERROR   | [1]    Error: Login UI element not found or timeout
[2026-07-03 15:20:14] ERROR   | [1]    Error: Login UI element not found or timeout
[2026-07-03 15:24:01] ERROR   |   ✗ Reset failed: Error executing adbExec. Original error: 'Command ''C:\Users\Asif Computer\AppData\Local\Android\Sdk\platform-tools\adb.exe' -P 5037 -s R8VY2010Y8A shell dumpsys activity processes' exited with code 1'; Command output: adb.exe: device 'R8VY2010Y8A' not found

[2026-07-03 15:24:01] ERROR   | [7]    Error: Login UI element not found or timeout
[2026-07-03 15:24:07] ERROR   |   ✗ Reset failed: Error executing adbExec. Original error: 'Command ''C:\Users\Asif Computer\AppData\Local\Android\Sdk\platform-tools\adb.exe' -P 5037 -s R8VY2010Y8A shell dumpsys activity processes' exited with code 1'; Command output: adb.exe: device 'R8VY2010Y8A' not found

[2026-07-03 20:09:54] ERROR   | [1]    Error: Login UI element not found or timeout
[2026-07-03 20:12:19] ERROR   | ❌ Appium connect failed: Failed to create session.
Timeout awaiting 'response' for 2500ms when running "http://127.0.0.1:4723/session" with method "POST" and args "{"capabilities":{"alwaysMatch":{"platformName":"Android","appium:automationName":"UiAutomator2","appium:deviceName":"My Phone","appium:udid":"R8VY2010Y8A","appium:platformVersion":"16","appium:appPackage":"com.hisdu.emr.application","appium:appActivity":"com.hisdu.emr.application.activities.LoginActivity","appium:noReset":true,"appium:fullReset":false,"appium:dontStopAppOnReset":true,"appium:newCommandTimeout":120,"appium:adbExecTimeout":30000,"appium:androidInstallTimeout":90000,"appium:uiautomator2ServerLaunchTimeout":60000,"appium:uiautomator2ServerInstallTimeout":60000,"appium:disableWindowAnimation":true,"appium:skipUnlock":true,"appium:autoGrantPermissions":true,"appium:ignoreHiddenApiPolicyError":true,"appium:unicodeKeyboard":true,"appium:resetKeyboard":true},"firstMatch":[{}]},"desiredCapabilities":{"platformName":"Android","appium:automationName":"UiAutomator2","appium:deviceName":"My Phone","appium:udid":"R8VY2010Y8A","appium:platformVersion":"16","appium:appPackage":"com.hisdu.emr.application","appium:appActivity":"com.hisdu.emr.application.activities.LoginActivity","appium:noReset":true,"appium:fullReset":false,"appium:dontStopAppOnReset":true,"appium:newCommandTimeout":120,"appium:adbExecTimeout":30000,"appium:androidInstallTimeout":90000,"appium:uiautomator2ServerLaunchTimeout":60000,"appium:uiautomator2ServerInstallTimeout":60000,"appium:disableWindowAnimation":true,"appium:skipUnlock":true,"appium:autoGrantPermissions":true,"appium:ignoreHiddenApiPolicyError":true,"appium:unicodeKeyboard":true,"appium:resetKeyboard":true}}"
[2026-07-03 20:13:46] ERROR   | [1]    Error: Login UI element not found or timeout
[2026-07-03 20:15:09] ERROR   | [10]    Error: Login UI element not found or timeout
[2026-07-03 20:26:04] ERROR   | [1]    Error: Login UI element not found or timeout
[2026-07-03 20:28:31] ERROR   | [1]    Error: Login UI element not found or timeout
[2026-07-03 20:30:43] ERROR   | [5]    Error: Login UI element not found or timeout
[2026-07-03 20:33:31] ERROR   | [10]    Error: Login UI element not found or timeout
[2026-07-03 20:39:09] ERROR   | [22]    Error: Login UI element not found or timeout
[2026-07-03 20:40:31] ERROR   | [24]    Error: Login UI element not found or timeout
[2026-07-03 20:41:44] ERROR   | [25]    Error: Login UI element not found or timeout
[2026-07-03 20:42:57] ERROR   | [26]    Error: Login UI element not found or timeout
[2026-07-03 20:45:51] ERROR   | [29]    Error: Login UI element not found or timeout
[2026-07-03 20:47:54] ERROR   | [32]    Error: Login UI element not found or timeout
[2026-07-03 20:49:08] ERROR   | [33]    Error: Login UI element not found or timeout
[2026-07-03 20:51:36] ERROR   | [37]    Error: Login UI element not found or timeout
[2026-07-03 20:52:49] ERROR   | [38]    Error: Login UI element not found or timeout
[2026-07-03 20:56:59] ERROR   | [40]    Error: Logout ke liye dashboard pe nahi hain
[2026-07-03 21:00:10] ERROR   |   ✗ Login UI failed: "type username" failed after 3 attempts. Last: All typing methods failed for "com.hisdu.emr.application:id/mEmailView": Potentially insecure feature 'adb_shell' has not been enabled. If you want to enable this feature and accept the security ramifications, please do so by following the documented instructions at http://appium.io/docs/en/latest/guides/security/
[2026-07-03 21:00:29] ERROR   | [41]    Error: Login UI element not found or timeout
[2026-07-03 21:06:57] ERROR   | [51]    Error: Login UI element not found or timeout
[2026-07-03 21:08:10] ERROR   | [52]    Error: Login UI element not found or timeout
[2026-07-03 21:11:31] ERROR   | [58]    Error: Login UI element not found or timeout
[2026-07-03 21:14:20] ERROR   | [59]    Error: Logout ke baad login screen nahi aayi
[2026-07-03 21:17:30] ERROR   |   ✗ Login UI failed: "type username" failed after 3 attempts. Last: All typing methods failed for "com.hisdu.emr.application:id/mEmailView": Potentially insecure feature 'adb_shell' has not been enabled. If you want to enable this feature and accept the security ramifications, please do so by following the documented instructions at http://appium.io/docs/en/latest/guides/security/
[2026-07-03 21:17:49] ERROR   | [60]    Error: Login UI element not found or timeout
[2026-07-03 21:21:47] ERROR   | [66]    Error: Login UI element not found or timeout
[2026-07-03 21:26:48] ERROR   | [76]    Error: Login UI element not found or timeout
[2026-07-04 06:00:16] ERROR   | [22]    Error: Login UI element not found or timeout
[2026-07-04 06:00:16] ERROR   | Excel update fail hua row 23: EBUSY: resource busy or locked, open 'C:\Users\Asif Computer\OneDrive\Documents\My-Personal-Document\sargodha-appium\data\users.xlsx'
[2026-07-04 06:01:40] ERROR   | [25]    Error: Login UI element not found or timeout
[2026-07-04 06:01:40] ERROR   | Excel update fail hua row 26: EBUSY: resource busy or locked, open 'C:\Users\Asif Computer\OneDrive\Documents\My-Personal-Document\sargodha-appium\data\users.xlsx'
[2026-07-04 06:02:40] ERROR   | [26]    Error: Login UI element not found or timeout
[2026-07-04 06:02:40] ERROR   | Excel update fail hua row 27: EBUSY: resource busy or locked, open 'C:\Users\Asif Computer\OneDrive\Documents\My-Personal-Document\sargodha-appium\data\users.xlsx'
[2026-07-04 06:03:42] ERROR   | [29]    Error: Login UI element not found or timeout
[2026-07-04 06:03:42] ERROR   | Excel update fail hua row 30: EBUSY: resource busy or locked, open 'C:\Users\Asif Computer\OneDrive\Documents\My-Personal-Document\sargodha-appium\data\users.xlsx'
[2026-07-04 06:04:43] ERROR   | [32]    Error: Login UI element not found or timeout
[2026-07-04 06:04:43] ERROR   | Excel update fail hua row 33: EBUSY: resource busy or locked, open 'C:\Users\Asif Computer\OneDrive\Documents\My-Personal-Document\sargodha-appium\data\users.xlsx'
[2026-07-04 06:05:45] ERROR   | [33]    Error: Login UI element not found or timeout
[2026-07-04 06:05:45] ERROR   | Excel update fail hua row 34: EBUSY: resource busy or locked, open 'C:\Users\Asif Computer\OneDrive\Documents\My-Personal-Document\sargodha-appium\data\users.xlsx'
[2026-07-04 06:06:10] ERROR   | Excel update fail hua row 38: EBUSY: resource busy or locked, open 'C:\Users\Asif Computer\OneDrive\Documents\My-Personal-Document\sargodha-appium\data\users.xlsx'
[2026-07-04 06:07:11] ERROR   | [38]    Error: Login UI element not found or timeout
[2026-07-04 06:07:11] ERROR   | Excel update fail hua row 39: EBUSY: resource busy or locked, open 'C:\Users\Asif Computer\OneDrive\Documents\My-Personal-Document\sargodha-appium\data\users.xlsx'
[2026-07-04 06:07:37] ERROR   | Excel update fail hua row 42: EBUSY: resource busy or locked, open 'C:\Users\Asif Computer\OneDrive\Documents\My-Personal-Document\sargodha-appium\data\users.xlsx'
[2026-07-04 06:08:39] ERROR   | [51]    Error: Login UI element not found or timeout
[2026-07-04 06:08:39] ERROR   | Excel update fail hua row 52: EBUSY: resource busy or locked, open 'C:\Users\Asif Computer\OneDrive\Documents\My-Personal-Document\sargodha-appium\data\users.xlsx'
[2026-07-04 06:09:38] ERROR   | [52]    Error: Login UI element not found or timeout
[2026-07-04 06:09:38] ERROR   | Excel update fail hua row 53: EBUSY: resource busy or locked, open 'C:\Users\Asif Computer\OneDrive\Documents\My-Personal-Document\sargodha-appium\data\users.xlsx'
[2026-07-04 06:10:37] ERROR   | [58]    Error: Login UI element not found or timeout
[2026-07-04 06:10:37] ERROR   | Excel update fail hua row 59: EBUSY: resource busy or locked, open 'C:\Users\Asif Computer\OneDrive\Documents\My-Personal-Document\sargodha-appium\data\users.xlsx'
[2026-07-04 06:11:02] ERROR   | Excel update fail hua row 62: EBUSY: resource busy or locked, open 'C:\Users\Asif Computer\OneDrive\Documents\My-Personal-Document\sargodha-appium\data\users.xlsx'
[2026-07-04 06:12:02] ERROR   | [66]    Error: Login UI element not found or timeout
[2026-07-04 06:12:03] ERROR   | Excel update fail hua row 68: EBUSY: resource busy or locked, open 'C:\Users\Asif Computer\OneDrive\Documents\My-Personal-Document\sargodha-appium\data\users.xlsx'
[2026-07-04 06:15:48] ERROR   | [22]    Error: Login UI element not found or timeout
[2026-07-04 06:15:48] ERROR   | Excel update fail hua row 23: EBUSY: resource busy or locked, open 'C:\Users\Asif Computer\OneDrive\Documents\My-Personal-Document\sargodha-appium\data\users.xlsx'
[2026-07-04 06:17:01] ERROR   | [25]    Error: Login UI element not found or timeout
[2026-07-04 06:17:01] ERROR   | Excel update fail hua row 26: EBUSY: resource busy or locked, open 'C:\Users\Asif Computer\OneDrive\Documents\My-Personal-Document\sargodha-appium\data\users.xlsx'
[2026-07-04 06:18:48] ERROR   | [26]    Error: Login UI element not found or timeout
[2026-07-04 06:18:48] ERROR   | Excel update fail hua row 27: EBUSY: resource busy or locked, open 'C:\Users\Asif Computer\OneDrive\Documents\My-Personal-Document\sargodha-appium\data\users.xlsx'
[2026-07-04 06:22:23] ERROR   | Excel update fail row 4: EBUSY: resource busy or locked, open 'C:\Users\Asif Computer\OneDrive\Documents\My-Personal-Document\sargodha-appium\data\users.xlsx'
[2026-07-04 06:43:12] ERROR   | [51]    Error: Login UI timeout
[2026-07-04 06:49:40] ERROR   | [65]    Error: Login UI timeout
[2026-07-04 13:22:03] ERROR   | ❌ Connect failed: Failed to create session.
Unable to connect to "http://127.0.0.1:4723/", make sure browser driver is running on that address.
It seems like the service failed to start or is rejecting any connections.
[2026-07-04 13:33:11] ERROR   | ❌ Appium failed: Failed to create session.
Unable to connect to "http://127.0.0.1:4723/", make sure browser driver is running on that address.
It seems like the service failed to start or is rejecting any connections.
[2026-07-04 13:36:35] ERROR   | [51]    Error: Login timeout/UI error
[2026-07-04 13:38:50] ERROR   | [51]    Error: Login timeout/UI error
[2026-07-04 13:55:58] ERROR   | [51]    Error: Login timeout
[2026-07-04 14:05:09] ERROR   | [51]    Error: Login timeout
[2026-07-04 14:07:12] ERROR   | ❌ Appium: Failed to create session.
Unable to connect to "http://127.0.0.1:4723/", make sure browser driver is running on that address.
It seems like the service failed to start or is rejecting any connections.
[2026-07-04 20:11:06] ERROR   | ❌ Appium: Failed to create session.
Unable to connect to "http://127.0.0.1:4723/", make sure browser driver is running on that address.
It seems like the service failed to start or is rejecting any connections.
[2026-07-04 20:20:11] ERROR   | [51]    Error: Login timeout
[2026-07-06 06:17:32] ERROR   | [51]    Error: Login timeout
[2026-07-06 06:30:58] ERROR   | Excel update fail row 81: EBUSY: resource busy or locked, open 'C:\Users\Asif Computer\OneDrive\Documents\My-Personal-Document\sargodha-appium\data\users.xlsx'
[2026-07-06 13:16:05] ERROR   | ❌ Appium server band hai!
[2026-07-06 13:29:31] ERROR   | [51]    Error: Login timeout
[2026-07-06 13:37:13] ERROR   |   ✗ Login error: element ("android=new UiSelector().resourceId("com.hisdu.emr.application:id/mEmailView")") still not existing after 10000ms
[2026-07-06 13:37:25] ERROR   | [78]    Error: Login timeout
[2026-07-06 13:39:46] ERROR   | [51]    Error: Login timeout
[2026-07-08 07:27:07] ERROR   | [34]    Error: 'POST /element' cannot be proxied to UiAutomator2 server because the instrumentation process is not running (probably crashed). Check the server log and/or the logcat output for more details
[2026-07-08 07:27:19] ERROR   |   ✗ Login error: 'POST /element' cannot be proxied to UiAutomator2 server because the instrumentation process is not running (probably crashed). Check the server log and/or the logcat output for more details
[2026-07-08 07:27:29] ERROR   | [35]    Error: Login timeout
[2026-07-08 07:27:41] ERROR   |   ✗ Login error: 'POST /element' cannot be proxied to UiAutomator2 server because the instrumentation process is not running (probably crashed). Check the server log and/or the logcat output for more details
[2026-07-08 07:27:51] ERROR   | [36]    Error: Login timeout
[2026-07-08 07:28:03] ERROR   |   ✗ Login error: 'POST /element' cannot be proxied to UiAutomator2 server because the instrumentation process is not running (probably crashed). Check the server log and/or the logcat output for more details
[2026-07-08 07:28:12] ERROR   | [37]    Error: Login timeout
[2026-07-08 07:28:24] ERROR   |   ✗ Login error: 'POST /element' cannot be proxied to UiAutomator2 server because the instrumentation process is not running (probably crashed). Check the server log and/or the logcat output for more details
[2026-07-08 07:28:33] ERROR   | [38]    Error: Login timeout
[2026-07-08 07:42:42] ERROR   | [74]    Error: Login timeout
[2026-07-08 14:07:13] ERROR   | [38]    Error: Login timeout
[2026-07-08 14:11:24] ERROR   |   ✗ Login error: element ("android=new UiSelector().resourceId("com.hisdu.emr.application:id/mEmailView")") still not existing after 1000ms
[2026-07-08 14:11:37] ERROR   | [49]    Error: Login timeout
[2026-07-08 14:11:57] ERROR   |   ✗ Login error: element ("android=new UiSelector().resourceId("com.hisdu.emr.application:id/mEmailView")") still not existing after 1000ms
[2026-07-08 14:12:11] ERROR   | [50]    Error: Login timeout
[2026-07-08 14:12:32] ERROR   |   ✗ Login error: element ("android=new UiSelector().resourceId("com.hisdu.emr.application:id/mEmailView")") still not existing after 1000ms
[2026-07-08 14:12:46] ERROR   | [51]    Error: Login timeout
[2026-07-08 14:13:06] ERROR   |   ✗ Login error: element ("android=new UiSelector().resourceId("com.hisdu.emr.application:id/mEmailView")") still not existing after 1000ms
[2026-07-08 14:13:20] ERROR   | [52]    Error: Login timeout
[2026-07-08 14:13:40] ERROR   |   ✗ Login error: element ("android=new UiSelector().resourceId("com.hisdu.emr.application:id/mEmailView")") still not existing after 1000ms
[2026-07-08 14:13:54] ERROR   | [53]    Error: Login timeout
[2026-07-08 14:14:14] ERROR   |   ✗ Login error: element ("android=new UiSelector().resourceId("com.hisdu.emr.application:id/mEmailView")") still not existing after 1000ms
[2026-07-08 14:14:27] ERROR   | [54]    Error: Login timeout
[2026-07-08 14:14:47] ERROR   |   ✗ Login error: element ("android=new UiSelector().resourceId("com.hisdu.emr.application:id/mEmailView")") still not existing after 1000ms
[2026-07-08 14:15:01] ERROR   | [55]    Error: Login timeout
[2026-07-08 14:15:22] ERROR   |   ✗ Login error: element ("android=new UiSelector().resourceId("com.hisdu.emr.application:id/mEmailView")") still not existing after 1000ms
[2026-07-08 14:15:35] ERROR   | [56]    Error: Login timeout
[2026-07-08 14:15:56] ERROR   |   ✗ Login error: element ("android=new UiSelector().resourceId("com.hisdu.emr.application:id/mEmailView")") still not existing after 1000ms
[2026-07-08 14:16:10] ERROR   | [57]    Error: Login timeout
[2026-07-08 14:16:31] ERROR   |   ✗ Login error: element ("android=new UiSelector().resourceId("com.hisdu.emr.application:id/mEmailView")") still not existing after 1000ms
[2026-07-08 14:16:45] ERROR   | [58]    Error: Login timeout
[2026-07-08 14:17:06] ERROR   |   ✗ Login error: element ("android=new UiSelector().resourceId("com.hisdu.emr.application:id/mEmailView")") still not existing after 1000ms
[2026-07-08 14:17:20] ERROR   | [59]    Error: Login timeout
[2026-07-08 14:27:48] ERROR   |   ✗ Reset failed: Error executing adbExec. Original error: 'Command ''C:\Users\Asif Computer\AppData\Local\Android\Sdk\platform-tools\adb.exe' -P 5037 -s R8VY2010Y8A shell dumpsys activity processes' exited with code 1'; Command output: adb.exe: device 'R8VY2010Y8A' not found

[2026-07-08 14:27:48] ERROR   | [62]    Error: Login timeout
[2026-07-08 14:27:53] ERROR   |   ✗ Reset failed: Error executing adbExec. Original error: 'Command ''C:\Users\Asif Computer\AppData\Local\Android\Sdk\platform-tools\adb.exe' -P 5037 -s R8VY2010Y8A shell dumpsys activity processes' exited with code 1'; Command output: adb.exe: device 'R8VY2010Y8A' not found

[2026-07-08 14:27:56] ERROR   |   ✗ Login error: 'POST /element' cannot be proxied to UiAutomator2 server because the instrumentation process is not running (probably crashed). Check the server log and/or the logcat output for more details
[2026-07-08 14:28:01] ERROR   |   ✗ Reset failed: Error executing adbExec. Original error: 'Command ''C:\Users\Asif Computer\AppData\Local\Android\Sdk\platform-tools\adb.exe' -P 5037 -s R8VY2010Y8A shell dumpsys activity processes' exited with code 1'; Command output: adb.exe: device 'R8VY2010Y8A' not found

[2026-07-08 14:28:01] ERROR   | [63]    Error: Login timeout
[2026-07-13 07:08:54] ERROR   | ❌ Appium server band hai!
[2026-07-13 07:40:50] ERROR   | [80]    Error: Login timeout
[2026-07-14 07:14:03] ERROR   |   ✗ Login error: 'POST /element' cannot be proxied to UiAutomator2 server because the instrumentation process is not running (probably crashed). Check the server log and/or the logcat output for more details
[2026-07-14 07:14:12] ERROR   | [8]    Error: Login timeout
[2026-07-14 07:14:24] ERROR   |   ✗ Login error: 'POST /element' cannot be proxied to UiAutomator2 server because the instrumentation process is not running (probably crashed). Check the server log and/or the logcat output for more details
[2026-07-16 13:41:37] ERROR   | [16]    Error: Login timeout
[2026-07-16 13:42:27] ERROR   | [17]    Error: Login timeout
[2026-07-16 14:00:49] ERROR   | [80]    Error: Login timeout
[2026-07-17 07:22:44] ERROR   | [59]    Error: Login timeout
[2026-07-17 07:32:39] ERROR   | [59]    Error: Login timeout
[2026-07-17 07:33:53] ERROR   |   ✗ Reset failed: Error executing adbExec. Original error: 'Command ''C:\Users\Asif Computer\AppData\Local\Android\Sdk\platform-tools\adb.exe' -P 5037 -s R8VY2010Y8A shell dumpsys activity processes' exited with code 1'; Command output: adb.exe: device 'R8VY2010Y8A' not found

[2026-07-17 07:33:53] ERROR   | [59]    Error: Login timeout
[2026-07-17 13:21:03] ERROR   | ❌ Appium server band hai!
[2026-07-17 13:22:13] ERROR   | ❌ Appium server band hai!
[2026-07-17 13:24:09] ERROR   | ❌ Appium server band hai!
[2026-07-17 13:35:02] ERROR   | [32]    Error: Login timeout
[2026-07-17 13:44:03] ERROR   | [59]    Error: Login timeout
[2026-07-17 13:51:13] ERROR   |   ✗ Reset failed: Error executing adbExec. Original error: 'Command ''C:\Users\Asif Computer\AppData\Local\Android\Sdk\platform-tools\adb.exe' -P 5037 -s R8VY2010Y8A shell dumpsys activity processes' exited with code 1'; Command output: adb.exe: device 'R8VY2010Y8A' not found

[2026-07-17 13:51:13] ERROR   | [59]    Error: Login timeout
[2026-07-18 07:07:58] ERROR   | ❌ Appium server band hai!
[2026-07-18 07:24:15] ERROR   | [59]    Error: Login timeout
[2026-07-20 07:14:29] ERROR   | [59]    Error: Login timeout
[2026-07-20 14:30:42] ERROR   | [59]    Error: Login timeout
[2026-07-21 07:24:45] ERROR   | [59]    Error: Login timeout
[2026-07-21 14:07:40] ERROR   | [59]    Error: Login timeout
[2026-07-21 14:12:13] ERROR   |   ✗ Reset failed: Error executing adbExec. Original error: 'Command ''C:\Users\Asif Computer\AppData\Local\Android\Sdk\platform-tools\adb.exe' -P 5037 -s R8VY2010Y8A shell dumpsys activity processes' exited with code 1'; Command output: adb.exe: device 'R8VY2010Y8A' not found

[2026-07-21 14:12:19] ERROR   |   ✗ Reset failed: Error executing adbExec. Original error: 'Command ''C:\Users\Asif Computer\AppData\Local\Android\Sdk\platform-tools\adb.exe' -P 5037 -s R8VY2010Y8A shell dumpsys activity processes' exited with code 1'; Command output: adb.exe: device 'R8VY2010Y8A' not found

[2026-07-21 14:12:21] ERROR   |   ✗ Login error: 'POST /element' cannot be proxied to UiAutomator2 server because the instrumentation process is not running (probably crashed). Check the server log and/or the logcat output for more details
[2026-07-21 14:12:26] ERROR   |   ✗ Reset failed: Error executing adbExec. Original error: 'Command ''C:\Users\Asif Computer\AppData\Local\Android\Sdk\platform-tools\adb.exe' -P 5037 -s R8VY2010Y8A shell dumpsys activity processes' exited with code 1'; Command output: adb.exe: device 'R8VY2010Y8A' not found

[2026-07-21 14:12:26] ERROR   | [78]    Error: Login timeout
[2026-07-21 14:12:32] ERROR   |   ✗ Reset failed: Error executing adbExec. Original error: 'Command ''C:\Users\Asif Computer\AppData\Local\Android\Sdk\platform-tools\adb.exe' -P 5037 -s R8VY2010Y8A shell dumpsys activity processes' exited with code 1'; Command output: adb.exe: device 'R8VY2010Y8A' not found

[2026-07-21 14:12:34] ERROR   |   ✗ Login error: 'POST /element' cannot be proxied to UiAutomator2 server because the instrumentation process is not running (probably crashed). Check the server log and/or the logcat output for more details
[2026-07-21 14:12:40] ERROR   |   ✗ Reset failed: Error executing adbExec. Original error: 'Command ''C:\Users\Asif Computer\AppData\Local\Android\Sdk\platform-tools\adb.exe' -P 5037 -s R8VY2010Y8A shell dumpsys activity processes' exited with code 1'; Command output: adb.exe: device 'R8VY2010Y8A' not found

[2026-07-21 14:12:40] ERROR   | [79]    Error: Login timeout
[2026-07-21 14:12:46] ERROR   |   ✗ Reset failed: Error executing adbExec. Original error: 'Command ''C:\Users\Asif Computer\AppData\Local\Android\Sdk\platform-tools\adb.exe' -P 5037 -s R8VY2010Y8A shell dumpsys activity processes' exited with code 1'; Command output: adb.exe: device 'R8VY2010Y8A' not found

[2026-07-21 14:12:48] ERROR   |   ✗ Login error: 'POST /element' cannot be proxied to UiAutomator2 server because the instrumentation process is not running (probably crashed). Check the server log and/or the logcat output for more details
[2026-07-21 14:12:53] ERROR   |   ✗ Reset failed: Error executing adbExec. Original error: 'Command ''C:\Users\Asif Computer\AppData\Local\Android\Sdk\platform-tools\adb.exe' -P 5037 -s R8VY2010Y8A shell dumpsys activity processes' exited with code 1'; Command output: adb.exe: device 'R8VY2010Y8A' not found

[2026-07-21 14:12:53] ERROR   | [80]    Error: Login timeout
[2026-07-22 07:28:08] ERROR   | [59]    Error: Login timeout
[2026-07-22 12:40:09] ERROR   | [59]    Error: Login timeout
[2026-07-23 07:25:44] ERROR   | [57]    Error: Login timeout
[2026-07-23 07:26:03] ERROR   |   ✗ Login error: element ("android=new UiSelector().resourceId("com.hisdu.emr.application:id/mEmailView")") still not existing after 500ms
[2026-07-23 08:37:59] ERROR   | [59]    Error: Login timeout
[2026-07-23 14:19:43] ERROR   | [59]    Error: Login timeout
[2026-07-24 07:16:07] ERROR   |   ✗ Login: 'POST /element/00000000-0000-0306-ffff-ffff00000026/clear' cannot be proxied to UiAutomator2 server because the instrumentation process is not running (probably crashed). Check the server log and/or the logcat output for more details
[2026-07-24 07:33:42] ERROR   | [59]    Error: Login timeout
[2026-07-24 07:37:58] ERROR   |   ✗ Login: 'POST /element/00000000-0000-04db-ffff-ffff00005535/click' cannot be proxied to UiAutomator2 server because the instrumentation process is not running (probably crashed). Check the server log and/or the logcat output for more details
[2026-07-24 07:38:03] ERROR   |   ✗ Reset: Error executing adbExec. Original error: 'Command ''C:\Users\Asif Computer\AppData\Local\Android\Sdk\platform-tools\adb.exe' -P 5037 -s R8VY2010Y8A shell dumpsys activity processes' exited with code 1'; Command output: adb.exe: device 'R8VY2010Y8A' not found

[2026-07-24 07:38:03] ERROR   | [75]    Error: Login timeout
[2026-07-24 07:38:08] ERROR   |   ✗ Reset: Error executing adbExec. Original error: 'Command ''C:\Users\Asif Computer\AppData\Local\Android\Sdk\platform-tools\adb.exe' -P 5037 -s R8VY2010Y8A shell dumpsys activity processes' exited with code 1'; Command output: adb.exe: device 'R8VY2010Y8A' not found

[2026-07-24 07:38:11] ERROR   |   ✗ Login: 'POST /element' cannot be proxied to UiAutomator2 server because the instrumentation process is not running (probably crashed). Check the server log and/or the logcat output for more details
[2026-07-24 07:38:16] ERROR   |   ✗ Reset: Error executing adbExec. Original error: 'Command ''C:\Users\Asif Computer\AppData\Local\Android\Sdk\platform-tools\adb.exe' -P 5037 -s R8VY2010Y8A shell dumpsys activity processes' exited with code 1'; Command output: adb.exe: device 'R8VY2010Y8A' not found

[2026-07-24 07:38:16] ERROR   | [76]    Error: Login timeout
[2026-07-24 07:38:21] ERROR   |   ✗ Reset: Error executing adbExec. Original error: 'Command ''C:\Users\Asif Computer\AppData\Local\Android\Sdk\platform-tools\adb.exe' -P 5037 -s R8VY2010Y8A shell dumpsys activity processes' exited with code 1'; Command output: adb.exe: device 'R8VY2010Y8A' not found

[2026-07-24 07:38:24] ERROR   |   ✗ Login: 'POST /element' cannot be proxied to UiAutomator2 server because the instrumentation process is not running (probably crashed). Check the server log and/or the logcat output for more details
[2026-07-24 07:38:29] ERROR   |   ✗ Reset: Error executing adbExec. Original error: 'Command ''C:\Users\Asif Computer\AppData\Local\Android\Sdk\platform-tools\adb.exe' -P 5037 -s R8VY2010Y8A shell dumpsys activity processes' exited with code 1'; Command output: adb.exe: device 'R8VY2010Y8A' not found

[2026-07-24 07:38:29] ERROR   | [77]    Error: Login timeout
[2026-07-24 07:38:34] ERROR   |   ✗ Reset: Error executing adbExec. Original error: 'Command ''C:\Users\Asif Computer\AppData\Local\Android\Sdk\platform-tools\adb.exe' -P 5037 -s R8VY2010Y8A shell dumpsys activity processes' exited with code 1'; Command output: adb.exe: device 'R8VY2010Y8A' not found

[2026-07-24 07:38:36] ERROR   |   ✗ Login: 'POST /element' cannot be proxied to UiAutomator2 server because the instrumentation process is not running (probably crashed). Check the server log and/or the logcat output for more details
[2026-07-24 07:38:41] ERROR   |   ✗ Reset: Error executing adbExec. Original error: 'Command ''C:\Users\Asif Computer\AppData\Local\Android\Sdk\platform-tools\adb.exe' -P 5037 -s R8VY2010Y8A shell dumpsys activity processes' exited with code 1'; Command output: adb.exe: device 'R8VY2010Y8A' not found

[2026-07-24 07:38:41] ERROR   | [78]    Error: Login timeout
[2026-07-24 07:38:47] ERROR   |   ✗ Reset: Error executing adbExec. Original error: 'Command ''C:\Users\Asif Computer\AppData\Local\Android\Sdk\platform-tools\adb.exe' -P 5037 -s R8VY2010Y8A shell dumpsys activity processes' exited with code 1'; Command output: adb.exe: device 'R8VY2010Y8A' not found

[2026-07-24 07:38:50] ERROR   |   ✗ Login: 'POST /element' cannot be proxied to UiAutomator2 server because the instrumentation process is not running (probably crashed). Check the server log and/or the logcat output for more details
[2026-07-24 07:39:00] ERROR   | [79]    Error: Login timeout
[2026-07-24 13:14:10] ERROR   |   ✗ Login: element ("android=new UiSelector().resourceId("com.hisdu.emr.application:id/mEmailView")") still not existing after 500ms
[2026-07-24 13:14:24] ERROR   | [24]    Error: Login timeout
[2026-07-24 13:30:42] ERROR   | [59]    Error: Login timeout
[2026-07-24 13:32:30] ERROR   | [59]    Error: Login timeout
[2026-07-24 13:39:39] ERROR   |   ✗ Reset: Error executing adbExec. Original error: 'Command ''C:\Users\Asif Computer\AppData\Local\Android\Sdk\platform-tools\adb.exe' -P 5037 -s R8VY2010Y8A shell dumpsys activity processes' exited with code 1'; Command output: adb.exe: device 'R8VY2010Y8A' not found

[2026-07-24 13:39:39] ERROR   | [80]    Error: Login timeout
[2026-07-25 07:22:42] ERROR   | [37]    Error: Login timeout
[2026-07-25 07:25:53] ERROR   | [46]    Error: Login timeout
[2026-07-25 07:30:06] ERROR   | [59]    Error: Login timeout
[2026-07-25 07:34:25] ERROR   |   ✗ Login: All methods failed: The requested resource could not be found, or a request was received using an HTTP method that is not supported by the mapped resource.
[2026-07-25 07:34:30] ERROR   |   ✗ Reset: Error executing adbExec. Original error: 'Command ''C:\Users\Asif Computer\AppData\Local\Android\Sdk\platform-tools\adb.exe' -P 5037 -s R8VY2010Y8A shell dumpsys activity processes' exited with code 1'; Command output: adb.exe: device 'R8VY2010Y8A' not found

[2026-07-25 07:34:30] ERROR   | [75]    Error: Login timeout
[2026-07-25 07:34:36] ERROR   |   ✗ Reset: Error executing adbExec. Original error: 'Command ''C:\Users\Asif Computer\AppData\Local\Android\Sdk\platform-tools\adb.exe' -P 5037 -s R8VY2010Y8A shell dumpsys activity processes' exited with code 1'; Command output: adb.exe: device 'R8VY2010Y8A' not found

[2026-07-25 07:34:38] ERROR   |   ✗ Login: 'POST /element' cannot be proxied to UiAutomator2 server because the instrumentation process is not running (probably crashed). Check the server log and/or the logcat output for more details
[2026-07-25 07:34:43] ERROR   |   ✗ Reset: Error executing adbExec. Original error: 'Command ''C:\Users\Asif Computer\AppData\Local\Android\Sdk\platform-tools\adb.exe' -P 5037 -s R8VY2010Y8A shell dumpsys activity processes' exited with code 1'; Command output: adb.exe: device 'R8VY2010Y8A' not found

[2026-07-25 07:34:43] ERROR   | [76]    Error: Login timeout
[2026-07-25 07:34:48] ERROR   |   ✗ Reset: Error executing adbExec. Original error: 'Command ''C:\Users\Asif Computer\AppData\Local\Android\Sdk\platform-tools\adb.exe' -P 5037 -s R8VY2010Y8A shell dumpsys activity processes' exited with code 1'; Command output: adb.exe: device 'R8VY2010Y8A' not found

[2026-07-25 07:34:51] ERROR   |   ✗ Login: 'POST /element' cannot be proxied to UiAutomator2 server because the instrumentation process is not running (probably crashed). Check the server log and/or the logcat output for more details
[2026-07-25 07:34:56] ERROR   |   ✗ Reset: Error executing adbExec. Original error: 'Command ''C:\Users\Asif Computer\AppData\Local\Android\Sdk\platform-tools\adb.exe' -P 5037 -s R8VY2010Y8A shell dumpsys activity processes' exited with code 1'; Command output: adb.exe: device 'R8VY2010Y8A' not found

[2026-07-25 07:34:56] ERROR   | [77]    Error: Login timeout
[2026-07-25 07:35:01] ERROR   |   ✗ Reset: Error executing adbExec. Original error: 'Command ''C:\Users\Asif Computer\AppData\Local\Android\Sdk\platform-tools\adb.exe' -P 5037 -s R8VY2010Y8A shell dumpsys activity processes' exited with code 1'; Command output: adb.exe: device 'R8VY2010Y8A' not found

[2026-07-25 07:35:03] ERROR   |   ✗ Login: 'POST /element' cannot be proxied to UiAutomator2 server because the instrumentation process is not running (probably crashed). Check the server log and/or the logcat output for more details
[2026-07-25 07:35:08] ERROR   |   ✗ Reset: Error executing adbExec. Original error: 'Command ''C:\Users\Asif Computer\AppData\Local\Android\Sdk\platform-tools\adb.exe' -P 5037 -s R8VY2010Y8A shell dumpsys activity processes' exited with code 1'; Command output: adb.exe: device 'R8VY2010Y8A' not found

[2026-07-25 07:35:08] ERROR   | [78]    Error: Login timeout
[2026-07-25 07:35:14] ERROR   |   ✗ Reset: Error executing adbExec. Original error: 'Command ''C:\Users\Asif Computer\AppData\Local\Android\Sdk\platform-tools\adb.exe' -P 5037 -s R8VY2010Y8A shell dumpsys activity processes' exited with code 1'; Command output: adb.exe: device 'R8VY2010Y8A' not found

[2026-07-25 07:35:17] ERROR   |   ✗ Login: 'POST /element' cannot be proxied to UiAutomator2 server because the instrumentation process is not running (probably crashed). Check the server log and/or the logcat output for more details
[2026-07-25 07:35:22] ERROR   |   ✗ Reset: Error executing adbExec. Original error: 'Command ''C:\Users\Asif Computer\AppData\Local\Android\Sdk\platform-tools\adb.exe' -P 5037 -s R8VY2010Y8A shell dumpsys activity processes' exited with code 1'; Command output: adb.exe: device 'R8VY2010Y8A' not found

[2026-07-25 07:35:22] ERROR   | [79]    Error: Login timeout
[2026-07-25 07:35:27] ERROR   |   ✗ Reset: Error executing adbExec. Original error: 'Command ''C:\Users\Asif Computer\AppData\Local\Android\Sdk\platform-tools\adb.exe' -P 5037 -s R8VY2010Y8A shell dumpsys activity processes' exited with code 1'; Command output: adb.exe: device 'R8VY2010Y8A' not found

[2026-07-25 07:35:29] ERROR   |   ✗ Login: 'POST /element' cannot be proxied to UiAutomator2 server because the instrumentation process is not running (probably crashed). Check the server log and/or the logcat output for more details
[2026-07-25 07:35:35] ERROR   |   ✗ Reset: Error executing adbExec. Original error: 'Command ''C:\Users\Asif Computer\AppData\Local\Android\Sdk\platform-tools\adb.exe' -P 5037 -s R8VY2010Y8A shell dumpsys activity processes' exited with code 1'; Command output: adb.exe: device 'R8VY2010Y8A' not found

[2026-07-25 07:35:35] ERROR   | [80]    Error: Login timeout
[2026-07-25 13:36:05] ERROR   | [28]    Error: Login timeout
[2026-07-25 13:40:31] ERROR   | [41]    Error: Login timeout
[2026-07-25 13:41:58] ERROR   | [44]    Error: Login timeout
[2026-07-25 13:46:57] ERROR   | [59]    Error: Login timeout
[2026-07-27 07:23:23] ERROR   | [59]    Error: Login timeout
[2026-07-27 13:50:53] ERROR   | [2]    Error: Login timeout
[2026-07-27 14:07:04] ERROR   | [59]    Error: Login timeout
[2026-07-28 07:16:09] ERROR   | [59]    Error: Login timeout
[2026-07-28 07:23:24] ERROR   | [59]    Error: Login timeout
[2026-07-29 07:21:32] ERROR   |   ✗ Reset: Error executing adbExec. Original error: 'Command ''C:\Users\Asif Computer\AppData\Local\Android\Sdk\platform-tools\adb.exe' -P 5037 -s R8VY2010Y8A shell dumpsys activity processes' exited with code 1'; Command output: adb.exe: device 'R8VY2010Y8A' not found

[2026-07-29 07:21:32] ERROR   | [69]    Error: 'POST /element' cannot be proxied to UiAutomator2 server because the instrumentation process is not running (probably crashed). Check the server log and/or the logcat output for more details
[2026-07-29 07:21:37] ERROR   |   ✗ Reset: Error executing adbExec. Original error: 'Command ''C:\Users\Asif Computer\AppData\Local\Android\Sdk\platform-tools\adb.exe' -P 5037 -s R8VY2010Y8A shell dumpsys activity processes' exited with code 1'; Command output: adb.exe: device 'R8VY2010Y8A' not found

[2026-07-29 07:21:40] ERROR   |   ✗ Login: 'POST /element' cannot be proxied to UiAutomator2 server because the instrumentation process is not running (probably crashed). Check the server log and/or the logcat output for more details
[2026-07-29 07:21:45] ERROR   |   ✗ Reset: Error executing adbExec. Original error: 'Command ''C:\Users\Asif Computer\AppData\Local\Android\Sdk\platform-tools\adb.exe' -P 5037 -s R8VY2010Y8A shell dumpsys activity processes' exited with code 1'; Command output: adb.exe: device 'R8VY2010Y8A' not found

[2026-07-29 07:21:45] ERROR   | [70]    Error: Login timeout
[2026-07-29 07:21:51] ERROR   |   ✗ Reset: Error executing adbExec. Original error: 'Command ''C:\Users\Asif Computer\AppData\Local\Android\Sdk\platform-tools\adb.exe' -P 5037 -s R8VY2010Y8A shell dumpsys activity processes' exited with code 1'; Command output: adb.exe: device 'R8VY2010Y8A' not found

[2026-07-29 07:21:53] ERROR   |   ✗ Login: 'POST /element' cannot be proxied to UiAutomator2 server because the instrumentation process is not running (probably crashed). Check the server log and/or the logcat output for more details
[2026-07-29 07:21:58] ERROR   |   ✗ Reset: Error executing adbExec. Original error: 'Command ''C:\Users\Asif Computer\AppData\Local\Android\Sdk\platform-tools\adb.exe' -P 5037 -s R8VY2010Y8A shell dumpsys activity processes' exited with code 1'; Command output: adb.exe: device 'R8VY2010Y8A' not found

[2026-07-29 07:21:58] ERROR   | [71]    Error: Login timeout
[2026-07-29 07:22:11] ERROR   |   ✗ Login: 'POST /element' cannot be proxied to UiAutomator2 server because the instrumentation process is not running (probably crashed). Check the server log and/or the logcat output for more details
[2026-07-29 07:22:20] ERROR   | [72]    Error: Login timeout
[2026-07-29 07:22:32] ERROR   |   ✗ Login: 'POST /element' cannot be proxied to UiAutomator2 server because the instrumentation process is not running (probably crashed). Check the server log and/or the logcat output for more details
[2026-07-29 07:34:40] ERROR   | [78]    Error: Login timeout
[2026-07-29 13:42:06] ERROR   | [8]    Error: Login timeout
[2026-07-31 13:21:29] ERROR   |   ✗ Login: element ("android=new UiSelector().resourceId("com.hisdu.emr.application:id/mEmailView")") still not existing after 500ms
[2026-07-31 13:21:43] ERROR   | [29]    Error: Login timeout
[2026-07-31 13:30:27] ERROR   | [57]    Error: Login timeout
[2026-07-31 13:36:30] ERROR   |   ✗ Login: element ("android=new UiSelector().resourceId("com.hisdu.emr.application:id/mEmailView")") still not existing after 500ms
[2026-07-31 13:36:42] ERROR   | [74]    Error: Login timeout
[2026-07-31 13:37:04] ERROR   |   ✗ Login: element ("android=new UiSelector().resourceId("com.hisdu.emr.application:id/mEmailView")") still not existing after 500ms
[2026-07-31 13:37:17] ERROR   | [75]    Error: Login timeout
[2026-07-31 13:37:39] ERROR   |   ✗ Login: element ("android=new UiSelector().resourceId("com.hisdu.emr.application:id/mEmailView")") still not existing after 500ms
[2026-07-31 13:37:53] ERROR   | [76]    Error: Login timeout
[2026-08-01 07:27:34] ERROR   | [1]    Error: Login timeout
[2026-08-01 07:27:55] ERROR   |   ✗ Login: element ("android=new UiSelector().resourceId("com.hisdu.emr.application:id/mEmailView")") still not existing after 500ms
[2026-08-01 07:28:07] ERROR   | [2]    Error: Login timeout
[2026-08-01 07:47:01] ERROR   |   ✗ Login: element ("android=new UiSelector().resourceId("com.hisdu.emr.application:id/mEmailView")") still not existing after 500ms
[2026-08-01 07:47:08] ERROR   | [68]    Error: Login timeout
[2026-08-01 13:32:19] ERROR   | [1]    Error: Login timeout
[2026-08-02 16:33:38] ERROR   | [1]    Error: Login timeout
[2026-08-02 16:53:41] ERROR   | [2]    Error: Login timeout
[2026-08-03 07:08:20] ERROR   | ❌ Appium server band hai!
[2026-08-04 07:00:33] ERROR   | ❌ Appium server band hai!
[2026-08-04 07:09:38] ERROR   | ❌ Appium server band hai!
[2026-08-04 07:18:12] ERROR   | [30]    Error: Login timeout
[2026-08-04 07:18:34] ERROR   |   ✗ Login: element ("android=new UiSelector().resourceId("com.hisdu.emr.application:id/mEmailView")") still not existing after 500ms
[2026-08-04 07:18:38] ERROR   | [31]    Error: Login timeout
[2026-08-04 13:12:07] ERROR   |   ✗ Login: element ("android=new UiSelector().resourceId("com.hisdu.emr.application:id/mEmailView")") still not existing after 500ms
[2026-08-04 13:12:13] ERROR   | [42]    Error: Login timeout
[2026-08-06 07:14:23] ERROR   | Excel update fail row 2: EBUSY: resource busy or locked, open 'C:\Users\Asif Computer\OneDrive\Documents\My-Personal-Document\sargodha-appium\data\users.xlsx'
[2026-08-06 07:14:44] ERROR   | Excel update fail row 3: EBUSY: resource busy or locked, open 'C:\Users\Asif Computer\OneDrive\Documents\My-Personal-Document\sargodha-appium\data\users.xlsx'
[2026-08-06 07:15:02] ERROR   | Excel update fail row 4: EBUSY: resource busy or locked, open 'C:\Users\Asif Computer\OneDrive\Documents\My-Personal-Document\sargodha-appium\data\users.xlsx'
[2026-08-06 07:33:42] ERROR   | Excel update fail row 68: EBUSY: resource busy or locked, open 'C:\Users\Asif Computer\OneDrive\Documents\My-Personal-Document\sargodha-appium\data\users.xlsx'
[2026-08-06 07:33:59] ERROR   | Excel update fail row 69: EBUSY: resource busy or locked, open 'C:\Users\Asif Computer\OneDrive\Documents\My-Personal-Document\sargodha-appium\data\users.xlsx'
[2026-08-06 07:35:44] ERROR   | Excel update fail row 75: EBUSY: resource busy or locked, open 'C:\Users\Asif Computer\OneDrive\Documents\My-Personal-Document\sargodha-appium\data\users.xlsx'
[2026-08-06 07:36:02] ERROR   | Excel update fail row 76: EBUSY: resource busy or locked, open 'C:\Users\Asif Computer\OneDrive\Documents\My-Personal-Document\sargodha-appium\data\users.xlsx'
[2026-08-06 07:36:19] ERROR   | Excel update fail row 77: EBUSY: resource busy or locked, open 'C:\Users\Asif Computer\OneDrive\Documents\My-Personal-Document\sargodha-appium\data\users.xlsx'
[2026-08-06 07:36:35] ERROR   | Excel update fail row 78: EBUSY: resource busy or locked, open 'C:\Users\Asif Computer\OneDrive\Documents\My-Personal-Document\sargodha-appium\data\users.xlsx'
[2026-08-06 07:36:51] ERROR   | Excel update fail row 79: EBUSY: resource busy or locked, open 'C:\Users\Asif Computer\OneDrive\Documents\My-Personal-Document\sargodha-appium\data\users.xlsx'
[2026-08-06 15:24:15] ERROR   | [20]    Error: Login timeout
[2026-08-06 15:33:40] ERROR   | Excel update fail row 55: EBUSY: resource busy or locked, open 'C:\Users\Asif Computer\OneDrive\Documents\My-Personal-Document\sargodha-appium\data\users.xlsx'
[2026-08-06 15:33:57] ERROR   | Excel update fail row 56: EBUSY: resource busy or locked, open 'C:\Users\Asif Computer\OneDrive\Documents\My-Personal-Document\sargodha-appium\data\users.xlsx'
[2026-08-06 15:34:10] ERROR   | Excel update fail row 57: EBUSY: resource busy or locked, open 'C:\Users\Asif Computer\OneDrive\Documents\My-Personal-Document\sargodha-appium\data\users.xlsx'
[2026-08-07 13:17:56] ERROR   | [24]    Error: Login timeout
[2026-08-07 13:18:20] ERROR   |   ✗ Login: element ("android=new UiSelector().resourceId("com.hisdu.emr.application:id/mEmailView")") still not existing after 500ms
[2026-08-07 13:18:33] ERROR   | [25]    Error: Login timeout
[2026-08-07 13:18:54] ERROR   |   ✗ Login: element ("android=new UiSelector().resourceId("com.hisdu.emr.application:id/mEmailView")") still not existing after 500ms
[2026-08-07 13:18:59] ERROR   | [26]    Error: Login timeout
[2026-08-07 13:21:13] ERROR   | [33]    Error: Login timeout
[2026-08-07 13:21:34] ERROR   |   ✗ Login: element ("android=new UiSelector().resourceId("com.hisdu.emr.application:id/mEmailView")") still not existing after 500ms
[2026-08-07 13:21:38] ERROR   | [34]    Error: Login timeout
[2026-08-08 07:12:27] ERROR   | [10]    Error: Login timeout
[2026-08-08 13:18:26] ERROR   | ❌ Appium server band hai!
[2026-08-08 13:37:41] ERROR   | Excel update fail row 75: EBUSY: resource busy or locked, open 'C:\Users\Asif Computer\OneDrive\Documents\My-Personal-Document\sargodha-appium\data\users.xlsx'
[2026-08-10 13:27:21] ERROR   | [21]    Error: Login timeout
[2026-08-10 13:27:43] ERROR   |   ✗ Login: element ("android=new UiSelector().resourceId("com.hisdu.emr.application:id/mEmailView")") still not existing after 500ms
[2026-08-10 13:27:56] ERROR   | [22]    Error: Login timeout
[2026-08-10 13:28:18] ERROR   |   ✗ Login: element ("android=new UiSelector().resourceId("com.hisdu.emr.application:id/mEmailView")") still not existing after 500ms
[2026-08-10 13:28:32] ERROR   | [23]    Error: Login timeout
[2026-08-10 13:28:53] ERROR   |   ✗ Login: element ("android=new UiSelector().resourceId("com.hisdu.emr.application:id/mEmailView")") still not existing after 500ms
[2026-08-10 13:29:00] ERROR   | [24]    Error: Login timeout
[2026-08-11 12:50:47] ERROR   | ❌ Appium server band hai!
[2026-08-11 12:51:24] ERROR   | ❌ Appium server band hai!
[2026-08-11 12:52:40] ERROR   | [1]    Error: Login timeout
[2026-08-12 07:23:05] ERROR   |   ✗ Login: All methods failed: The requested resource could not be found, or a request was received using an HTTP method that is not supported by the mapped resource.
[2026-08-12 07:23:11] ERROR   |   ✗ Reset: Error executing adbExec. Original error: 'Command ''C:\Users\Asif Computer\AppData\Local\Android\Sdk\platform-tools\adb.exe' -P 5037 -s R8VY2010Y8A shell dumpsys activity processes' exited with code 1'; Command output: adb.exe: device 'R8VY2010Y8A' not found

[2026-08-12 07:23:11] ERROR   | [75]    Error: Login timeout
[2026-08-12 07:23:16] ERROR   |   ✗ Reset: Error executing adbExec. Original error: 'Command ''C:\Users\Asif Computer\AppData\Local\Android\Sdk\platform-tools\adb.exe' -P 5037 -s R8VY2010Y8A shell dumpsys activity processes' exited with code 1'; Command output: adb.exe: device 'R8VY2010Y8A' not found

[2026-08-12 07:23:18] ERROR   |   ✗ Login: 'POST /element' cannot be proxied to UiAutomator2 server because the instrumentation process is not running (probably crashed). Check the server log and/or the logcat output for more details
[2026-08-12 07:23:24] ERROR   |   ✗ Reset: Error executing adbExec. Original error: 'Command ''C:\Users\Asif Computer\AppData\Local\Android\Sdk\platform-tools\adb.exe' -P 5037 -s R8VY2010Y8A shell dumpsys activity processes' exited with code 1'; Command output: adb.exe: device 'R8VY2010Y8A' not found

[2026-08-12 07:23:24] ERROR   | [76]    Error: Login timeout
[2026-08-12 07:23:30] ERROR   |   ✗ Reset: Error executing adbExec. Original error: 'Command ''C:\Users\Asif Computer\AppData\Local\Android\Sdk\platform-tools\adb.exe' -P 5037 -s R8VY2010Y8A shell dumpsys activity processes' exited with code 1'; Command output: adb.exe: device 'R8VY2010Y8A' not found

[2026-08-12 07:23:32] ERROR   |   ✗ Login: 'POST /element' cannot be proxied to UiAutomator2 server because the instrumentation process is not running (probably crashed). Check the server log and/or the logcat output for more details
[2026-08-12 07:23:37] ERROR   |   ✗ Reset: Error executing adbExec. Original error: 'Command ''C:\Users\Asif Computer\AppData\Local\Android\Sdk\platform-tools\adb.exe' -P 5037 -s R8VY2010Y8A shell dumpsys activity processes' exited with code 1'; Command output: adb.exe: device 'R8VY2010Y8A' not found

[2026-08-12 07:23:37] ERROR   | [77]    Error: Login timeout
[2026-08-12 13:38:48] ERROR   |   ✗ Login: element ("android=new UiSelector().resourceId("com.hisdu.emr.application:id/mEmailView")") still not existing after 500ms
[2026-08-12 13:39:01] ERROR   | [51]    Error: Login timeout
[2026-08-12 13:39:22] ERROR   |   ✗ Login: element ("android=new UiSelector().resourceId("com.hisdu.emr.application:id/mEmailView")") still not existing after 500ms
[2026-08-13 13:16:59] ERROR   | [3]    Error: Login timeout
[2026-08-13 13:44:18] ERROR   | [3]    Error: Login timeout
[2026-08-18 07:12:32] ERROR   | Excel update fail row 7: EBUSY: resource busy or locked, open 'C:\Users\Asif Computer\OneDrive\Documents\My-Personal-Document\sargodha-appium - Copy\data\users.xlsx'
[2026-08-18 07:12:48] ERROR   | Excel update fail row 8: EBUSY: resource busy or locked, open 'C:\Users\Asif Computer\OneDrive\Documents\My-Personal-Document\sargodha-appium - Copy\data\users.xlsx'
[2026-08-18 07:13:04] ERROR   | Excel update fail row 9: EBUSY: resource busy or locked, open 'C:\Users\Asif Computer\OneDrive\Documents\My-Personal-Document\sargodha-appium - Copy\data\users.xlsx'
[2026-08-18 07:13:22] ERROR   | Excel update fail row 10: EBUSY: resource busy or locked, open 'C:\Users\Asif Computer\OneDrive\Documents\My-Personal-Document\sargodha-appium - Copy\data\users.xlsx'
[2026-08-18 07:13:40] ERROR   | Excel update fail row 11: EBUSY: resource busy or locked, open 'C:\Users\Asif Computer\OneDrive\Documents\My-Personal-Document\sargodha-appium - Copy\data\users.xlsx'
[2026-08-18 07:13:59] ERROR   | Excel update fail row 12: EBUSY: resource busy or locked, open 'C:\Users\Asif Computer\OneDrive\Documents\My-Personal-Document\sargodha-appium - Copy\data\users.xlsx'
